Traceback (most recent call last):
  File "/Users/eatai/.pyenv/versions/3.13.1/envs/datascience/lib/python3.13/site-packages/jupyter_cache/executors/utils.py", line 58, in single_nb_execution
    executenb(
    ~~~~~~~~~^
        nb,
        ^^^
    ...<4 lines>...
        **kwargs,
        ^^^^^^^^^
    )
    ^
  File "/Users/eatai/.pyenv/versions/3.13.1/envs/datascience/lib/python3.13/site-packages/nbclient/client.py", line 1319, in execute
    return NotebookClient(nb=nb, resources=resources, km=km, **kwargs).execute()
           ~~~~~~~~~~~~~~~~~~~~~~~~~~~~~~~~~~~~~~~~~~~~~~~~~~~~~~~~~~~~~~~~~~~^^
  File "/Users/eatai/.pyenv/versions/3.13.1/envs/datascience/lib/python3.13/site-packages/jupyter_core/utils/__init__.py", line 165, in wrapped
    return loop.run_until_complete(inner)
           ~~~~~~~~~~~~~~~~~~~~~~~^^^^^^^
  File "/Users/eatai/.pyenv/versions/3.13.1/lib/python3.13/asyncio/base_events.py", line 720, in run_until_complete
    return future.result()
           ~~~~~~~~~~~~~^^
  File "/Users/eatai/.pyenv/versions/3.13.1/envs/datascience/lib/python3.13/site-packages/nbclient/client.py", line 709, in async_execute
    await self.async_execute_cell(
        cell, index, execution_count=self.code_cells_executed + 1
    )
  File "/Users/eatai/.pyenv/versions/3.13.1/envs/datascience/lib/python3.13/site-packages/nbclient/client.py", line 1062, in async_execute_cell
    await self._check_raise_for_error(cell, cell_index, exec_reply)
  File "/Users/eatai/.pyenv/versions/3.13.1/envs/datascience/lib/python3.13/site-packages/nbclient/client.py", line 918, in _check_raise_for_error
    raise CellExecutionError.from_cell_and_msg(cell, exec_reply_content)
nbclient.exceptions.CellExecutionError: An error occurred while executing the following cell:
------------------
a = 11111
b = 11111
c = 11111
d = 11111
e = 11111
f = 11111
g = 11111

secret_message_a = '337441104950 408257150263 219369496363323 239258148425 528627614268370149549110116630 587425214627386 524614272370563576'
secret_message_b = '535617254379549 632425139627366 551624618263368930 272254 200376495363324 434254150253 379435970149323146'

ans = [a, b, c, d, e, f, g]

message_a = decode_message(secret_message_a, ans)
message_b = decode_message(secret_message_b, ans)

print(message_a)
print(message_b)
------------------


[31m---------------------------------------------------------------------------[39m
[31mValueError[39m                                Traceback (most recent call last)
[36mCell[39m[36m [39m[32mIn[4][39m[32m, line 14[39m
[32m     10[39m secret_message_b = [33m'[39m[33m535617254379549 632425139627366 551624618263368930 272254 200376495363324 434254150253 379435970149323146[39m[33m'[39m
[32m     12[39m ans = [a, b, c, d, e, f, g]
[32m---> [39m[32m14[39m message_a = [43mdecode_message[49m[43m([49m[43msecret_message_a[49m[43m,[49m[43m [49m[43mans[49m[43m)[49m
[32m     15[39m message_b = decode_message(secret_message_b, ans)
[32m     17[39m [38;5;28mprint[39m(message_a)

[36mCell[39m[36m [39m[32mIn[3][39m[32m, line 32[39m, in [36mdecode_message[39m[34m(encoded_message, ans_list)[39m
[32m     30[39m word_list = []
[32m     31[39m [38;5;28;01mfor[39;00m code, ans [38;5;129;01min[39;00m [38;5;28mzip[39m(code_list, ans_list):
[32m---> [39m[32m32[39m     word_list.append([43mdecode_word[49m[43m([49m[43mcode[49m[43m,[49m[43m [49m[43mans[49m[43m)[49m)
[32m     34[39m [38;5;28;01mreturn[39;00m [33m'[39m[33m [39m[33m'[39m.join(word_list)

[36mCell[39m[36m [39m[32mIn[3][39m[32m, line 13[39m, in [36mdecode_word[39m[34m(codestr, ans)[39m
[32m     10[39m code = [38;5;28mint[39m(codestr[[32m0[39m:[32m3[39m])
[32m     11[39m num = numberstr[[32m0[39m]
[32m---> [39m[32m13[39m char = [38;5;28;43mchr[39;49m[43m([49m[43mcode[49m[43m [49m[43m-[49m[43m [49m[38;5;28;43mint[39;49m[43m([49m[43mnum[49m[43m)[49m[43m*[49m[38;5;28;43mord[39;49m[43m([49m[43mnum[49m[43m)[49m[43m)[49m
[32m     14[39m decoded += char
[32m     16[39m [38;5;28;01mtry[39;00m:

[31mValueError[39m: chr() arg not in range(0x110000)

