Traceback (most recent call last):
  File "/Users/eatai/.pyenv/versions/3.13.1/envs/datascience/lib/python3.13/site-packages/jupyter_cache/executors/utils.py", line 58, in single_nb_execution
    executenb(
    ~~~~~~~~~^
        nb,
        ^^^
    ...<4 lines>...
        **kwargs,
        ^^^^^^^^^
    )
    ^
  File "/Users/eatai/.pyenv/versions/3.13.1/envs/datascience/lib/python3.13/site-packages/nbclient/client.py", line 1319, in execute
    return NotebookClient(nb=nb, resources=resources, km=km, **kwargs).execute()
           ~~~~~~~~~~~~~~~~~~~~~~~~~~~~~~~~~~~~~~~~~~~~~~~~~~~~~~~~~~~~~~~~~~~^^
  File "/Users/eatai/.pyenv/versions/3.13.1/envs/datascience/lib/python3.13/site-packages/jupyter_core/utils/__init__.py", line 165, in wrapped
    return loop.run_until_complete(inner)
           ~~~~~~~~~~~~~~~~~~~~~~~^^^^^^^
  File "/Users/eatai/.pyenv/versions/3.13.1/lib/python3.13/asyncio/base_events.py", line 720, in run_until_complete
    return future.result()
           ~~~~~~~~~~~~~^^
  File "/Users/eatai/.pyenv/versions/3.13.1/envs/datascience/lib/python3.13/site-packages/nbclient/client.py", line 709, in async_execute
    await self.async_execute_cell(
        cell, index, execution_count=self.code_cells_executed + 1
    )
  File "/Users/eatai/.pyenv/versions/3.13.1/envs/datascience/lib/python3.13/site-packages/nbclient/client.py", line 1062, in async_execute_cell
    await self._check_raise_for_error(cell, cell_index, exec_reply)
  File "/Users/eatai/.pyenv/versions/3.13.1/envs/datascience/lib/python3.13/site-packages/nbclient/client.py", line 918, in _check_raise_for_error
    raise CellExecutionError.from_cell_and_msg(cell, exec_reply_content)
nbclient.exceptions.CellExecutionError: An error occurred while executing the following cell:
------------------
fig, ax = plt.subplots(1,1, figsize = (5,5))
tree_boundaries2 = DecisionBoundaryDisplay.from_estimator(tree_clf2, X=P,
                                                         xlabel = 'pca0',
                                                         ylabel = 'pca1',
                                                         response_method = 'predict',
                                                         cmap = cmap, alpha = 0.5,
                                                         ax=ax)

ax.scatter(P_train[:,0], P_train[:,1], 
            c = y_train, cmap=cmap,
            marker = '.', s = 50, label = label_names)
ax.scatter(P_test[:,0], P_test[:,1], 
            c = y_test, cmap = cmap,
            marker = '+', s=50)

plt.show()
------------------


[0;31m---------------------------------------------------------------------------[0m
[0;31mNameError[0m                                 Traceback (most recent call last)
Cell [0;32mIn[10], line 6[0m
[1;32m      1[0m fig, ax [38;5;241m=[39m plt[38;5;241m.[39msubplots([38;5;241m1[39m,[38;5;241m1[39m, figsize [38;5;241m=[39m ([38;5;241m5[39m,[38;5;241m5[39m))
[1;32m      2[0m tree_boundaries2 [38;5;241m=[39m DecisionBoundaryDisplay[38;5;241m.[39mfrom_estimator(tree_clf2, X[38;5;241m=[39mP,
[1;32m      3[0m                                                          xlabel [38;5;241m=[39m [38;5;124m'[39m[38;5;124mpca0[39m[38;5;124m'[39m,
[1;32m      4[0m                                                          ylabel [38;5;241m=[39m [38;5;124m'[39m[38;5;124mpca1[39m[38;5;124m'[39m,
[1;32m      5[0m                                                          response_method [38;5;241m=[39m [38;5;124m'[39m[38;5;124mpredict[39m[38;5;124m'[39m,
[0;32m----> 6[0m                                                          cmap [38;5;241m=[39m [43mcmap[49m, alpha [38;5;241m=[39m [38;5;241m0.5[39m,
[1;32m      7[0m                                                          ax[38;5;241m=[39max)
[1;32m      9[0m ax[38;5;241m.[39mscatter(P_train[:,[38;5;241m0[39m], P_train[:,[38;5;241m1[39m], 
[1;32m     10[0m             c [38;5;241m=[39m y_train, cmap[38;5;241m=[39mcmap,
[1;32m     11[0m             marker [38;5;241m=[39m [38;5;124m'[39m[38;5;124m.[39m[38;5;124m'[39m, s [38;5;241m=[39m [38;5;241m50[39m, label [38;5;241m=[39m label_names)
[1;32m     12[0m ax[38;5;241m.[39mscatter(P_test[:,[38;5;241m0[39m], P_test[:,[38;5;241m1[39m], 
[1;32m     13[0m             c [38;5;241m=[39m y_test, cmap [38;5;241m=[39m cmap,
[1;32m     14[0m             marker [38;5;241m=[39m [38;5;124m'[39m[38;5;124m+[39m[38;5;124m'[39m, s[38;5;241m=[39m[38;5;241m50[39m)

[0;31mNameError[0m: name 'cmap' is not defined

